   Compiling stellar-devkit v0.1.0 (C:\Users\HP\stellar-fee-tracker\packages\devkit)
error: the loop variable `i` is only used to index `fees`
  --> packages\devkit\src\analytics\forecaster.rs:71:14
   |
71 |     for i in 1..fees.len() {
   |              ^^^^^^^^^^^^^
   |
   = help: for further information visit https://rust-lang.github.io/rust-clippy/rust-1.96.0/index.html#needless_range_loop
   = note: `-D clippy::needless-range-loop` implied by `-D warnings`
   = help: to override `-D warnings` add `#[allow(clippy::needless_range_loop)]`
help: consider using an iterator
   |
71 -     for i in 1..fees.len() {
71 +     for <item> in fees.iter().skip(1) {
   |

error: manual arithmetic check found
  --> packages\devkit\src\analytics\volatility.rs:38:25
   |
38 |             let start = if i + 1 >= window { i + 1 - window } else { 0 };
   |                         ^^^^^^^^^^^^^^^^^^^^^^^^^^^^^^^^^^^^^^^^^^^^^^^^ help: replace it with: `(i + 1).saturating_sub(window)`
   |
   = help: for further information visit https://rust-lang.github.io/rust-clippy/rust-1.96.0/index.html#implicit_saturating_sub
   = note: `-D clippy::implicit-saturating-sub` implied by `-D warnings`
   = help: to override `-D warnings` add `#[allow(clippy::implicit_saturating_sub)]`

error: this `impl` can be derived
   --> packages\devkit\src\cli\config.rs:157:1
    |
157 | / impl Default for ConfigArgs {
158 | |     fn default() -> Self {
159 | |         Self {
160 | |             config_file: None,
...   |
165 | | }
    | |_^
    |
    = help: for further information visit https://rust-lang.github.io/rust-clippy/rust-1.96.0/index.html#derivable_impls
    = note: `-D clippy::derivable-impls` implied by `-D warnings`
    = help: to override `-D warnings` add `#[allow(clippy::derivable_impls)]`
help: replace the manual implementation with a derive attribute
    |
148 + #[derive(Default)]
149 | pub struct ConfigArgs {
    |

error: this `impl` can be derived
   --> packages\devkit\src\cli\version.rs:114:1
    |
114 | / impl Default for VersionArgs {
115 | |     fn default() -> Self {
116 | |         Self {
117 | |             json: false,
...   |
121 | | }
    | |_^
    |
    = help: for further information visit https://rust-lang.github.io/rust-clippy/rust-1.96.0/index.html#derivable_impls
help: replace the manual implementation with a derive attribute
    |
107 + #[derive(Default)]
108 | pub struct VersionArgs {
    |

error: this `impl` can be derived
  --> packages\devkit\src\cli\mod.rs:84:1
   |
84 | / impl Default for InputSource {
85 | |     fn default() -> Self {
86 | |         Self::Stdin
87 | |     }
88 | | }
   | |_^
   |
   = help: for further information visit https://rust-lang.github.io/rust-clippy/rust-1.96.0/index.html#derivable_impls
help: replace the manual implementation with a derive attribute and mark the default variant
   |
77 + #[derive(Default)]
78 | pub enum InputSource {
79 |     /// Read from a file at the given path.
80 |     File(std::path::PathBuf),
81 |     /// Read from stdin (piped input).
82 ~     #[default]
83 ~     Stdin,
   |

error: this `impl` can be derived
  --> packages\devkit\src\monitoring\metrics.rs:25:1
   |
25 | / impl Default for Metrics {
26 | |     fn default() -> Self {
27 | |         Self {
28 | |             simulations_run: 0,
...  |
38 | | }
   | |_^
   |
   = help: for further information visit https://rust-lang.github.io/rust-clippy/rust-1.96.0/index.html#derivable_impls
help: replace the manual implementation with a derive attribute
   |
 6 + #[derive(Default)]
 7 | pub struct Metrics {
   |

error: this `impl` can be derived
   --> packages\devkit\src\monitoring\metrics.rs:169:1
    |
169 | / impl Default for MetricsArgs {
170 | |     fn default() -> Self {
171 | |         Self {
172 | |             json: false,
...   |
177 | | }
    | |_^
    |
    = help: for further information visit https://rust-lang.github.io/rust-clippy/rust-1.96.0/index.html#derivable_impls
help: replace the manual implementation with a derive attribute
    |
160 + #[derive(Default)]
161 | pub struct MetricsArgs {
    |

error: casting to the same type is unnecessary (`u32` -> `u32`)
  --> packages\devkit\src\resilience\backoff.rs:26:23
   |
26 |             let exp = attempt as u32;
   |                       ^^^^^^^^^^^^^^ help: try: `attempt`
   |
   = help: for further information visit https://rust-lang.github.io/rust-clippy/rust-1.96.0/index.html#unnecessary_cast
   = note: `-D clippy::unnecessary-cast` implied by `-D warnings`
   = help: to override `-D warnings` add `#[allow(clippy::unnecessary_cast)]`

error: could not compile `stellar-devkit` (lib) due to 8 previous errors
warning: build failed, waiting for other jobs to finish...
error: struct update has no effect, all the fields in the struct have already been specified
   --> packages\devkit\src\resilience\circuit_breaker.rs:173:15
    |
173 |             ..Default::default()
    |               ^^^^^^^^^^^^^^^^^^
    |
    = help: for further information visit https://rust-lang.github.io/rust-clippy/rust-1.96.0/index.html#needless_update
    = note: `-D clippy::needless-update` implied by `-D warnings`
    = help: to override `-D warnings` add `#[allow(clippy::needless_update)]`

error: manual `RangeInclusive::contains` implementation
  --> packages\devkit\src\sandbox\fixtures.rs:85:21
   |
85 |             assert!(fee >= 100 && fee <= 500, "fee out of range: {fee}");
   |                     ^^^^^^^^^^^^^^^^^^^^^^^^ help: use: `(100..=500).contains(&fee)`
   |
   = help: for further information visit https://rust-lang.github.io/rust-clippy/rust-1.96.0/index.html#manual_range_contains
   = note: `-D clippy::manual-range-contains` implied by `-D warnings`
   = help: to override `-D warnings` add `#[allow(clippy::manual_range_contains)]`

error: manual `RangeInclusive::contains` implementation
   --> packages\devkit\src\sandbox\fixtures.rs:105:21
    |
105 |             assert!(fee >= 10_000 && fee <= 80_000, "fee out of range: {fee}");
    |                     ^^^^^^^^^^^^^^^^^^^^^^^^^^^^^^ help: use: `(10_000..=80_000).contains(&fee)`
    |
    = help: for further information visit https://rust-lang.github.io/rust-clippy/rust-1.96.0/index.html#manual_range_contains

error: could not compile `stellar-devkit` (lib test) due to 11 previous errors
